<?xml version="1.0"?>
<testsuites>
  <testsuite name="PhantomJS 1.9.8 (Windows 8 0.0.0)" package="Unit tests" timestamp="2016-04-26T06:12:33" id="0" hostname="EPBGSOFW0108">
    <properties>
      <property name="browser.fullName" value="Mozilla/5.0 (Windows NT 6.2; WOW64) AppleWebKit/534.34 (KHTML, like Gecko) PhantomJS/1.9.8 Safari/534.34"/>
    </properties>
  </testsuite>
  <testsuite name="PhantomJS 1.9.8 (Windows 8 0.0.0)" package="Unit tests" timestamp="2016-04-26T06:12:34" id="0" hostname="EPBGSOFW0108" tests="4" errors="0" failures="1" time="0.063">
    <properties>
      <property name="browser.fullName" value="Mozilla/5.0 (Windows NT 6.2; WOW64) AppleWebKit/534.34 (KHTML, like Gecko) PhantomJS/1.9.8 Safari/534.34"/>
    </properties>
    <testcase name="should be defined" time="0.022" classname="Unit tests PhantomJS 1.9.8 (Windows 8 0.0.0).package-version"/>
    <testcase name="should have jquery bookmark" time="0.024" classname="Unit tests PhantomJS 1.9.8 (Windows 8 0.0.0).bookmarks directive test"/>
    <testcase name="should have delete bookmark on delete-btn click" time="0.013" classname="Unit tests PhantomJS 1.9.8 (Windows 8 0.0.0).bookmarks directive test">
      <failure type="">TypeError: &apos;undefined&apos; is not a function (evaluating &apos;deleteBtn.triggerHandler(&apos;click&apos;)&apos;)
    at C:/proj/gulp-training-seed/e2e-tests/BOOKMARKS-directive.spec.js:30
</failure>
    </testcase>
    <testcase name="should have fifi tag in a span" time="0.004" classname="Unit tests PhantomJS 1.9.8 (Windows 8 0.0.0).tags directive testing"/>
    <system-out><![CDATA[
]]></system-out>
    <system-err/>
  </testsuite>
</testsuites>
